<html>
<body>
<pre>
<h1>µVision Build Log</h1>
<h2>Tool Versions:</h2>
IDE-Version: ¦ÌVision V5.14.0.0
Copyright (C) 2015 ARM Ltd and ARM Germany GmbH. All rights reserved.
License Information: nash.zhao control, umview.com, LIC=Z3CTG-VF0J5-XA7DC-7RXEF-QU6XN-9S4AH
 
Tool Versions:
Toolchain:       MDK-ARM Professional  Version: 5.14.0.0
Toolchain Path:  d:\Keil_v5\ARM\ARMCC\Bin
C Compiler:      Armcc.exe V5.05 update 1 (build 106)
Assembler:       Armasm.exe V5.05 update 1 (build 106)
Linker/Locator:  ArmLink.exe V5.05 update 1 (build 106)
Library Manager: ArmAr.exe V5.05 update 1 (build 106)
Hex Converter:   FromElf.exe V5.05 update 1 (build 106)
CPU DLL:         SARMCM3.DLL V5.14.0.0
Dialog DLL:      DARMCM1.DLL V1.12.0.0
Target DLL:      Segger\JL2CM3.dll V2.99.13.0
Dialog DLL:      TARMCM1.DLL V1.9.0.0
 
<h2>Project:</h2>
F:\SmartCar\Projecct\MDK\KEA128.uvprojx
Project File Date:  11/29/2017

<h2>Output:</h2>
Build target 'KEA128'
compiling main.c...
..\USER\inc\Config.h(45): warning:  #1-D: last line of file ends without a newline
  #endif
..\USER\inc\Driver.h(4): warning:  #1295-D: Deprecated declaration SystemInit - give arg types
  void SystemInit();
..\USER\inc\Driver.h(5): warning:  #1295-D: Deprecated declaration UpdataDuty - give arg types
  void UpdataDuty();
..\USER\inc\Driver.h(6): warning:  #1-D: last line of file ends without a newline
  #endif
..\USER\inc\Schedule.h(7): warning:  #1-D: last line of file ends without a newline
  #endif
..\USER\inc\SensorOperation.h(5): warning:  #1295-D: Deprecated declaration ComplementaryFusionFilter - give arg types
  void ComplementaryFusionFilter();
..\USER\inc\SensorOperation.h(6): warning:  #1295-D: Deprecated declaration ShowMenu - give arg types
  void ShowMenu();
..\USER\inc\SensorOperation.h(7): warning:  #1-D: last line of file ends without a newline
  #endif
..\USER\src\main.c(29): warning:  #1295-D: Deprecated declaration SystemInit - give arg types
  extern void SystemInit();
..\USER\src\main.c(30): warning:  #1295-D: Deprecated declaration ShowMenu - give arg types
  extern void ShowMenu();
..\USER\src\main.c: 10 warnings, 0 errors
linking...
Program Size: Code=1312 RO-data=260 RW-data=36 ZI-data=300  
".\Objects\KEA128.axf" - 0 Error(s), 10 Warning(s).

<h2>Collection of Component include folders:</h2>
  F:\SmartCar\Projecct\MDK\RTE
  d:\Keil_v5\ARM\PACK\Keil\Kinetis_KEAxx_DFP\1.3.0

<h2>Collection of Component Files used:</h2>
</pre>
</body>
</html>
