<!doctype html public "-//w3c//dtd html 4.0 transitional//en">
<html><head>
<title>Static Call Graph - [.\Objects\KEA128.axf]</title></head>
<body><HR>
<H1>Static Call Graph for image .\Objects\KEA128.axf</H1><HR>
<BR><P>#&#060CALLGRAPH&#062# ARM Linker, 5050106: Last Updated: Mon Feb 05 03:43:32 2018
<BR><P>
<H3>Maximum Stack Usage =         68 bytes + Unknown(Cycles, Untraceable Function Pointers)</H3><H3>
Call chain for Maximum Stack Depth:</H3>
main &rArr; get_clk &rArr; uart_init &rArr; __aeabi_uidivmod
<P>
<H3>
Mutually Recursive functions
</H3> <LI><a href="#[1]">NMI_Handler</a>&nbsp;&nbsp;&nbsp;&rArr;&nbsp;&nbsp;&nbsp;<a href="#[1]">NMI_Handler</a><BR>
 <LI><a href="#[2]">HardFault_Handler</a>&nbsp;&nbsp;&nbsp;&rArr;&nbsp;&nbsp;&nbsp;<a href="#[2]">HardFault_Handler</a><BR>
 <LI><a href="#[3]">SVC_Handler</a>&nbsp;&nbsp;&nbsp;&rArr;&nbsp;&nbsp;&nbsp;<a href="#[3]">SVC_Handler</a><BR>
 <LI><a href="#[4]">PendSV_Handler</a>&nbsp;&nbsp;&nbsp;&rArr;&nbsp;&nbsp;&nbsp;<a href="#[4]">PendSV_Handler</a><BR>
 <LI><a href="#[5]">SysTick_Handler</a>&nbsp;&nbsp;&nbsp;&rArr;&nbsp;&nbsp;&nbsp;<a href="#[5]">SysTick_Handler</a><BR>
 <LI><a href="#[16]">ACMP0_IRQHandler</a>&nbsp;&nbsp;&nbsp;&rArr;&nbsp;&nbsp;&nbsp;<a href="#[16]">ACMP0_IRQHandler</a><BR>
</UL>
<P>
<H3>
Function Pointers
</H3><UL>
 <LI><a href="#[16]">ACMP0_IRQHandler</a> from startup_skeaz1284.o(.text) referenced from startup_skeaz1284.o(RESET)
 <LI><a href="#[1b]">ACMP1_IRQHandler</a> from startup_skeaz1284.o(.text) referenced from startup_skeaz1284.o(RESET)
 <LI><a href="#[15]">ADC_IRQHandler</a> from startup_skeaz1284.o(.text) referenced from startup_skeaz1284.o(RESET)
 <LI><a href="#[17]">FTM0_IRQHandler</a> from startup_skeaz1284.o(.text) referenced from startup_skeaz1284.o(RESET)
 <LI><a href="#[18]">FTM1_IRQHandler</a> from startup_skeaz1284.o(.text) referenced from startup_skeaz1284.o(RESET)
 <LI><a href="#[19]">FTM2_IRQHandler</a> from startup_skeaz1284.o(.text) referenced from startup_skeaz1284.o(RESET)
 <LI><a href="#[b]">FTMRE_IRQHandler</a> from startup_skeaz1284.o(.text) referenced from startup_skeaz1284.o(RESET)
 <LI><a href="#[2]">HardFault_Handler</a> from startup_skeaz1284.o(.text) referenced from startup_skeaz1284.o(RESET)
 <LI><a href="#[e]">I2C0_IRQHandler</a> from startup_skeaz1284.o(.text) referenced from startup_skeaz1284.o(RESET)
 <LI><a href="#[f]">I2C1_IRQHandler</a> from startup_skeaz1284.o(.text) referenced from startup_skeaz1284.o(RESET)
 <LI><a href="#[21]">ICS_IRQHandler</a> from startup_skeaz1284.o(.text) referenced from startup_skeaz1284.o(RESET)
 <LI><a href="#[d]">IRQ_IRQHandler</a> from isr.o(i.IRQ_IRQHandler) referenced from startup_skeaz1284.o(RESET)
 <LI><a href="#[1e]">KBI0_IRQHandler</a> from isr.o(i.KBI0_IRQHandler) referenced from startup_skeaz1284.o(RESET)
 <LI><a href="#[1f]">KBI1_IRQHandler</a> from isr.o(i.KBI1_IRQHandler) referenced from startup_skeaz1284.o(RESET)
 <LI><a href="#[24]">MSCAN_RX_IRQHandler</a> from startup_skeaz1284.o(.text) referenced from startup_skeaz1284.o(RESET)
 <LI><a href="#[25]">MSCAN_TX_IRQHandler</a> from startup_skeaz1284.o(.text) referenced from startup_skeaz1284.o(RESET)
 <LI><a href="#[1]">NMI_Handler</a> from startup_skeaz1284.o(.text) referenced from startup_skeaz1284.o(RESET)
 <LI><a href="#[1c]">PIT_CH0_IRQHandler</a> from startup_skeaz1284.o(.text) referenced from startup_skeaz1284.o(RESET)
 <LI><a href="#[1d]">PIT_CH1_IRQHandler</a> from isr.o(i.PIT_CH1_IRQHandler) referenced from startup_skeaz1284.o(RESET)
 <LI><a href="#[c]">PMC_IRQHandler</a> from startup_skeaz1284.o(.text) referenced from startup_skeaz1284.o(RESET)
 <LI><a href="#[23]">PWT_IRQHandler</a> from startup_skeaz1284.o(.text) referenced from startup_skeaz1284.o(RESET)
 <LI><a href="#[4]">PendSV_Handler</a> from startup_skeaz1284.o(.text) referenced from startup_skeaz1284.o(RESET)
 <LI><a href="#[1a]">RTC_IRQHandler</a> from startup_skeaz1284.o(.text) referenced from startup_skeaz1284.o(RESET)
 <LI><a href="#[6]">Reserved16_IRQHandler</a> from startup_skeaz1284.o(.text) referenced from startup_skeaz1284.o(RESET)
 <LI><a href="#[7]">Reserved17_IRQHandler</a> from startup_skeaz1284.o(.text) referenced from startup_skeaz1284.o(RESET)
 <LI><a href="#[8]">Reserved18_IRQHandler</a> from startup_skeaz1284.o(.text) referenced from startup_skeaz1284.o(RESET)
 <LI><a href="#[9]">Reserved19_IRQHandler</a> from startup_skeaz1284.o(.text) referenced from startup_skeaz1284.o(RESET)
 <LI><a href="#[a]">Reserved20_IRQHandler</a> from startup_skeaz1284.o(.text) referenced from startup_skeaz1284.o(RESET)
 <LI><a href="#[20]">Reserved42_IRQHandler</a> from startup_skeaz1284.o(.text) referenced from startup_skeaz1284.o(RESET)
 <LI><a href="#[0]">Reset_Handler</a> from startup_skeaz1284.o(.text) referenced from startup_skeaz1284.o(RESET)
 <LI><a href="#[10]">SPI0_IRQHandler</a> from startup_skeaz1284.o(.text) referenced from startup_skeaz1284.o(RESET)
 <LI><a href="#[11]">SPI1_IRQHandler</a> from startup_skeaz1284.o(.text) referenced from startup_skeaz1284.o(RESET)
 <LI><a href="#[3]">SVC_Handler</a> from startup_skeaz1284.o(.text) referenced from startup_skeaz1284.o(RESET)
 <LI><a href="#[27]">Start</a> from system_skeaz1284.o(i.Start) referenced from startup_skeaz1284.o(.text)
 <LI><a href="#[5]">SysTick_Handler</a> from startup_skeaz1284.o(.text) referenced from startup_skeaz1284.o(RESET)
 <LI><a href="#[12]">UART0_IRQHandler</a> from startup_skeaz1284.o(.text) referenced from startup_skeaz1284.o(RESET)
 <LI><a href="#[13]">UART1_IRQHandler</a> from startup_skeaz1284.o(.text) referenced from startup_skeaz1284.o(RESET)
 <LI><a href="#[14]">UART2_IRQHandler</a> from startup_skeaz1284.o(.text) referenced from startup_skeaz1284.o(RESET)
 <LI><a href="#[22]">WDOG_IRQHandler</a> from startup_skeaz1284.o(.text) referenced from startup_skeaz1284.o(RESET)
 <LI><a href="#[29]">__main</a> from entry.o(.ARM.Collect$$$$00000000) referenced from startup_skeaz1284.o(.text)
 <LI><a href="#[28]">init_data_bss</a> from startup_skeaz1284.o(.text) referenced from startup_skeaz1284.o(.text)
 <LI><a href="#[26]">main</a> from main.o(i.main) referenced from entry9a.o(.ARM.Collect$$$$0000000B)
</UL>
<P>
<H3>
Global Symbols
</H3>
<P><STRONG><a name="[29]"></a>__main</STRONG> (Thumb, 0 bytes, Stack size unknown bytes, entry.o(.ARM.Collect$$$$00000000))
<BR>[Address Reference Count : 1]<UL><LI> startup_skeaz1284.o(.text)
</UL>
<P><STRONG><a name="[35]"></a>_main_stk</STRONG> (Thumb, 0 bytes, Stack size unknown bytes, entry2.o(.ARM.Collect$$$$00000001))

<P><STRONG><a name="[2a]"></a>_main_scatterload</STRONG> (Thumb, 0 bytes, Stack size unknown bytes, entry5.o(.ARM.Collect$$$$00000004))
<BR><BR>[Calls]<UL><LI><a href="#[2b]">&gt;&gt;</a>&nbsp;&nbsp;&nbsp;__scatterload
</UL>

<P><STRONG><a name="[2c]"></a>__main_after_scatterload</STRONG> (Thumb, 0 bytes, Stack size unknown bytes, entry5.o(.ARM.Collect$$$$00000004))
<BR><BR>[Called By]<UL><LI><a href="#[2b]">&gt;&gt;</a>&nbsp;&nbsp;&nbsp;__scatterload
</UL>

<P><STRONG><a name="[36]"></a>_main_clock</STRONG> (Thumb, 0 bytes, Stack size unknown bytes, entry7b.o(.ARM.Collect$$$$00000008))

<P><STRONG><a name="[37]"></a>_main_cpp_init</STRONG> (Thumb, 0 bytes, Stack size unknown bytes, entry8b.o(.ARM.Collect$$$$0000000A))

<P><STRONG><a name="[38]"></a>_main_init</STRONG> (Thumb, 0 bytes, Stack size unknown bytes, entry9a.o(.ARM.Collect$$$$0000000B))

<P><STRONG><a name="[39]"></a>__rt_final_cpp</STRONG> (Thumb, 0 bytes, Stack size unknown bytes, entry10a.o(.ARM.Collect$$$$0000000D))

<P><STRONG><a name="[3a]"></a>__rt_final_exit</STRONG> (Thumb, 0 bytes, Stack size unknown bytes, entry11a.o(.ARM.Collect$$$$0000000F))

<P><STRONG><a name="[28]"></a>init_data_bss</STRONG> (Thumb, 2 bytes, Stack size 0 bytes, startup_skeaz1284.o(.text))
<BR>[Address Reference Count : 1]<UL><LI> startup_skeaz1284.o(.text)
</UL>
<P><STRONG><a name="[0]"></a>Reset_Handler</STRONG> (Thumb, 12 bytes, Stack size 0 bytes, startup_skeaz1284.o(.text))
<BR>[Address Reference Count : 1]<UL><LI> startup_skeaz1284.o(RESET)
</UL>
<P><STRONG><a name="[1]"></a>NMI_Handler</STRONG> (Thumb, 2 bytes, Stack size 0 bytes, startup_skeaz1284.o(.text))
<BR><BR>[Calls]<UL><LI><a href="#[1]">&gt;&gt;</a>&nbsp;&nbsp;&nbsp;NMI_Handler
</UL>
<BR>[Called By]<UL><LI><a href="#[1]">&gt;&gt;</a>&nbsp;&nbsp;&nbsp;NMI_Handler
</UL>
<BR>[Address Reference Count : 1]<UL><LI> startup_skeaz1284.o(RESET)
</UL>
<P><STRONG><a name="[2]"></a>HardFault_Handler</STRONG> (Thumb, 2 bytes, Stack size 0 bytes, startup_skeaz1284.o(.text))
<BR><BR>[Calls]<UL><LI><a href="#[2]">&gt;&gt;</a>&nbsp;&nbsp;&nbsp;HardFault_Handler
</UL>
<BR>[Called By]<UL><LI><a href="#[2]">&gt;&gt;</a>&nbsp;&nbsp;&nbsp;HardFault_Handler
</UL>
<BR>[Address Reference Count : 1]<UL><LI> startup_skeaz1284.o(RESET)
</UL>
<P><STRONG><a name="[3]"></a>SVC_Handler</STRONG> (Thumb, 2 bytes, Stack size 0 bytes, startup_skeaz1284.o(.text))
<BR><BR>[Calls]<UL><LI><a href="#[3]">&gt;&gt;</a>&nbsp;&nbsp;&nbsp;SVC_Handler
</UL>
<BR>[Called By]<UL><LI><a href="#[3]">&gt;&gt;</a>&nbsp;&nbsp;&nbsp;SVC_Handler
</UL>
<BR>[Address Reference Count : 1]<UL><LI> startup_skeaz1284.o(RESET)
</UL>
<P><STRONG><a name="[4]"></a>PendSV_Handler</STRONG> (Thumb, 2 bytes, Stack size 0 bytes, startup_skeaz1284.o(.text))
<BR><BR>[Calls]<UL><LI><a href="#[4]">&gt;&gt;</a>&nbsp;&nbsp;&nbsp;PendSV_Handler
</UL>
<BR>[Called By]<UL><LI><a href="#[4]">&gt;&gt;</a>&nbsp;&nbsp;&nbsp;PendSV_Handler
</UL>
<BR>[Address Reference Count : 1]<UL><LI> startup_skeaz1284.o(RESET)
</UL>
<P><STRONG><a name="[5]"></a>SysTick_Handler</STRONG> (Thumb, 2 bytes, Stack size 0 bytes, startup_skeaz1284.o(.text))
<BR><BR>[Calls]<UL><LI><a href="#[5]">&gt;&gt;</a>&nbsp;&nbsp;&nbsp;SysTick_Handler
</UL>
<BR>[Called By]<UL><LI><a href="#[5]">&gt;&gt;</a>&nbsp;&nbsp;&nbsp;SysTick_Handler
</UL>
<BR>[Address Reference Count : 1]<UL><LI> startup_skeaz1284.o(RESET)
</UL>
<P><STRONG><a name="[16]"></a>ACMP0_IRQHandler</STRONG> (Thumb, 0 bytes, Stack size 0 bytes, startup_skeaz1284.o(.text))
<BR><BR>[Calls]<UL><LI><a href="#[16]">&gt;&gt;</a>&nbsp;&nbsp;&nbsp;ACMP0_IRQHandler
</UL>
<BR>[Called By]<UL><LI><a href="#[16]">&gt;&gt;</a>&nbsp;&nbsp;&nbsp;ACMP0_IRQHandler
</UL>
<BR>[Address Reference Count : 1]<UL><LI> startup_skeaz1284.o(RESET)
</UL>
<P><STRONG><a name="[1b]"></a>ACMP1_IRQHandler</STRONG> (Thumb, 0 bytes, Stack size 0 bytes, startup_skeaz1284.o(.text))
<BR>[Address Reference Count : 1]<UL><LI> startup_skeaz1284.o(RESET)
</UL>
<P><STRONG><a name="[15]"></a>ADC_IRQHandler</STRONG> (Thumb, 0 bytes, Stack size 0 bytes, startup_skeaz1284.o(.text))
<BR>[Address Reference Count : 1]<UL><LI> startup_skeaz1284.o(RESET)
</UL>
<P><STRONG><a name="[3b]"></a>DefaultISR</STRONG> (Thumb, 0 bytes, Stack size 0 bytes, startup_skeaz1284.o(.text), UNUSED)

<P><STRONG><a name="[17]"></a>FTM0_IRQHandler</STRONG> (Thumb, 0 bytes, Stack size 0 bytes, startup_skeaz1284.o(.text))
<BR>[Address Reference Count : 1]<UL><LI> startup_skeaz1284.o(RESET)
</UL>
<P><STRONG><a name="[18]"></a>FTM1_IRQHandler</STRONG> (Thumb, 0 bytes, Stack size 0 bytes, startup_skeaz1284.o(.text))
<BR>[Address Reference Count : 1]<UL><LI> startup_skeaz1284.o(RESET)
</UL>
<P><STRONG><a name="[19]"></a>FTM2_IRQHandler</STRONG> (Thumb, 0 bytes, Stack size 0 bytes, startup_skeaz1284.o(.text))
<BR>[Address Reference Count : 1]<UL><LI> startup_skeaz1284.o(RESET)
</UL>
<P><STRONG><a name="[b]"></a>FTMRE_IRQHandler</STRONG> (Thumb, 0 bytes, Stack size 0 bytes, startup_skeaz1284.o(.text))
<BR>[Address Reference Count : 1]<UL><LI> startup_skeaz1284.o(RESET)
</UL>
<P><STRONG><a name="[e]"></a>I2C0_IRQHandler</STRONG> (Thumb, 0 bytes, Stack size 0 bytes, startup_skeaz1284.o(.text))
<BR>[Address Reference Count : 1]<UL><LI> startup_skeaz1284.o(RESET)
</UL>
<P><STRONG><a name="[f]"></a>I2C1_IRQHandler</STRONG> (Thumb, 0 bytes, Stack size 0 bytes, startup_skeaz1284.o(.text))
<BR>[Address Reference Count : 1]<UL><LI> startup_skeaz1284.o(RESET)
</UL>
<P><STRONG><a name="[21]"></a>ICS_IRQHandler</STRONG> (Thumb, 0 bytes, Stack size 0 bytes, startup_skeaz1284.o(.text))
<BR>[Address Reference Count : 1]<UL><LI> startup_skeaz1284.o(RESET)
</UL>
<P><STRONG><a name="[24]"></a>MSCAN_RX_IRQHandler</STRONG> (Thumb, 0 bytes, Stack size 0 bytes, startup_skeaz1284.o(.text))
<BR>[Address Reference Count : 1]<UL><LI> startup_skeaz1284.o(RESET)
</UL>
<P><STRONG><a name="[25]"></a>MSCAN_TX_IRQHandler</STRONG> (Thumb, 0 bytes, Stack size 0 bytes, startup_skeaz1284.o(.text))
<BR>[Address Reference Count : 1]<UL><LI> startup_skeaz1284.o(RESET)
</UL>
<P><STRONG><a name="[1c]"></a>PIT_CH0_IRQHandler</STRONG> (Thumb, 0 bytes, Stack size 0 bytes, startup_skeaz1284.o(.text))
<BR>[Address Reference Count : 1]<UL><LI> startup_skeaz1284.o(RESET)
</UL>
<P><STRONG><a name="[c]"></a>PMC_IRQHandler</STRONG> (Thumb, 0 bytes, Stack size 0 bytes, startup_skeaz1284.o(.text))
<BR>[Address Reference Count : 1]<UL><LI> startup_skeaz1284.o(RESET)
</UL>
<P><STRONG><a name="[23]"></a>PWT_IRQHandler</STRONG> (Thumb, 0 bytes, Stack size 0 bytes, startup_skeaz1284.o(.text))
<BR>[Address Reference Count : 1]<UL><LI> startup_skeaz1284.o(RESET)
</UL>
<P><STRONG><a name="[1a]"></a>RTC_IRQHandler</STRONG> (Thumb, 0 bytes, Stack size 0 bytes, startup_skeaz1284.o(.text))
<BR>[Address Reference Count : 1]<UL><LI> startup_skeaz1284.o(RESET)
</UL>
<P><STRONG><a name="[6]"></a>Reserved16_IRQHandler</STRONG> (Thumb, 0 bytes, Stack size 0 bytes, startup_skeaz1284.o(.text))
<BR>[Address Reference Count : 1]<UL><LI> startup_skeaz1284.o(RESET)
</UL>
<P><STRONG><a name="[7]"></a>Reserved17_IRQHandler</STRONG> (Thumb, 0 bytes, Stack size 0 bytes, startup_skeaz1284.o(.text))
<BR>[Address Reference Count : 1]<UL><LI> startup_skeaz1284.o(RESET)
</UL>
<P><STRONG><a name="[8]"></a>Reserved18_IRQHandler</STRONG> (Thumb, 0 bytes, Stack size 0 bytes, startup_skeaz1284.o(.text))
<BR>[Address Reference Count : 1]<UL><LI> startup_skeaz1284.o(RESET)
</UL>
<P><STRONG><a name="[9]"></a>Reserved19_IRQHandler</STRONG> (Thumb, 0 bytes, Stack size 0 bytes, startup_skeaz1284.o(.text))
<BR>[Address Reference Count : 1]<UL><LI> startup_skeaz1284.o(RESET)
</UL>
<P><STRONG><a name="[a]"></a>Reserved20_IRQHandler</STRONG> (Thumb, 0 bytes, Stack size 0 bytes, startup_skeaz1284.o(.text))
<BR>[Address Reference Count : 1]<UL><LI> startup_skeaz1284.o(RESET)
</UL>
<P><STRONG><a name="[20]"></a>Reserved42_IRQHandler</STRONG> (Thumb, 0 bytes, Stack size 0 bytes, startup_skeaz1284.o(.text))
<BR>[Address Reference Count : 1]<UL><LI> startup_skeaz1284.o(RESET)
</UL>
<P><STRONG><a name="[10]"></a>SPI0_IRQHandler</STRONG> (Thumb, 0 bytes, Stack size 0 bytes, startup_skeaz1284.o(.text))
<BR>[Address Reference Count : 1]<UL><LI> startup_skeaz1284.o(RESET)
</UL>
<P><STRONG><a name="[11]"></a>SPI1_IRQHandler</STRONG> (Thumb, 0 bytes, Stack size 0 bytes, startup_skeaz1284.o(.text))
<BR>[Address Reference Count : 1]<UL><LI> startup_skeaz1284.o(RESET)
</UL>
<P><STRONG><a name="[12]"></a>UART0_IRQHandler</STRONG> (Thumb, 0 bytes, Stack size 0 bytes, startup_skeaz1284.o(.text))
<BR>[Address Reference Count : 1]<UL><LI> startup_skeaz1284.o(RESET)
</UL>
<P><STRONG><a name="[13]"></a>UART1_IRQHandler</STRONG> (Thumb, 0 bytes, Stack size 0 bytes, startup_skeaz1284.o(.text))
<BR>[Address Reference Count : 1]<UL><LI> startup_skeaz1284.o(RESET)
</UL>
<P><STRONG><a name="[14]"></a>UART2_IRQHandler</STRONG> (Thumb, 0 bytes, Stack size 0 bytes, startup_skeaz1284.o(.text))
<BR>[Address Reference Count : 1]<UL><LI> startup_skeaz1284.o(RESET)
</UL>
<P><STRONG><a name="[22]"></a>WDOG_IRQHandler</STRONG> (Thumb, 0 bytes, Stack size 0 bytes, startup_skeaz1284.o(.text))
<BR>[Address Reference Count : 1]<UL><LI> startup_skeaz1284.o(RESET)
</UL>
<P><STRONG><a name="[3c]"></a>__aeabi_uidiv</STRONG> (Thumb, 0 bytes, Stack size 12 bytes, uidiv.o(.text), UNUSED)

<P><STRONG><a name="[32]"></a>__aeabi_uidivmod</STRONG> (Thumb, 44 bytes, Stack size 12 bytes, uidiv.o(.text))
<BR><BR>[Stack]<UL><LI>Max Depth = 12<LI>Call Chain = __aeabi_uidivmod
</UL>
<BR>[Called By]<UL><LI><a href="#[33]">&gt;&gt;</a>&nbsp;&nbsp;&nbsp;uart_init
<LI><a href="#[30]">&gt;&gt;</a>&nbsp;&nbsp;&nbsp;get_clk
</UL>

<P><STRONG><a name="[3d]"></a>__aeabi_memcpy</STRONG> (Thumb, 36 bytes, Stack size 0 bytes, memcpya.o(.text), UNUSED)

<P><STRONG><a name="[31]"></a>__aeabi_memcpy4</STRONG> (Thumb, 0 bytes, Stack size 0 bytes, memcpya.o(.text))
<BR><BR>[Called By]<UL><LI><a href="#[30]">&gt;&gt;</a>&nbsp;&nbsp;&nbsp;get_clk
</UL>

<P><STRONG><a name="[3e]"></a>__aeabi_memcpy8</STRONG> (Thumb, 0 bytes, Stack size 0 bytes, memcpya.o(.text), UNUSED)

<P><STRONG><a name="[2b]"></a>__scatterload</STRONG> (Thumb, 28 bytes, Stack size 0 bytes, init.o(.text))
<BR><BR>[Calls]<UL><LI><a href="#[2c]">&gt;&gt;</a>&nbsp;&nbsp;&nbsp;__main_after_scatterload
</UL>
<BR>[Called By]<UL><LI><a href="#[2a]">&gt;&gt;</a>&nbsp;&nbsp;&nbsp;_main_scatterload
</UL>

<P><STRONG><a name="[3f]"></a>__scatterload_rt2</STRONG> (Thumb, 0 bytes, Stack size 0 bytes, init.o(.text), UNUSED)

<P><STRONG><a name="[d]"></a>IRQ_IRQHandler</STRONG> (Thumb, 14 bytes, Stack size 0 bytes, isr.o(i.IRQ_IRQHandler))
<BR>[Address Reference Count : 1]<UL><LI> startup_skeaz1284.o(RESET)
</UL>
<P><STRONG><a name="[1e]"></a>KBI0_IRQHandler</STRONG> (Thumb, 218 bytes, Stack size 8 bytes, isr.o(i.KBI0_IRQHandler))
<BR><BR>[Stack]<UL><LI>Max Depth = 20<LI>Call Chain = KBI0_IRQHandler &rArr; gpio_get
</UL>
<BR>[Calls]<UL><LI><a href="#[2d]">&gt;&gt;</a>&nbsp;&nbsp;&nbsp;gpio_get
</UL>
<BR>[Address Reference Count : 1]<UL><LI> startup_skeaz1284.o(RESET)
</UL>
<P><STRONG><a name="[1f]"></a>KBI1_IRQHandler</STRONG> (Thumb, 86 bytes, Stack size 8 bytes, isr.o(i.KBI1_IRQHandler))
<BR><BR>[Stack]<UL><LI>Max Depth = 20<LI>Call Chain = KBI1_IRQHandler &rArr; gpio_turn
</UL>
<BR>[Calls]<UL><LI><a href="#[2e]">&gt;&gt;</a>&nbsp;&nbsp;&nbsp;gpio_turn
<LI><a href="#[2d]">&gt;&gt;</a>&nbsp;&nbsp;&nbsp;gpio_get
</UL>
<BR>[Address Reference Count : 1]<UL><LI> startup_skeaz1284.o(RESET)
</UL>
<P><STRONG><a name="[1d]"></a>PIT_CH1_IRQHandler</STRONG> (Thumb, 14 bytes, Stack size 0 bytes, isr.o(i.PIT_CH1_IRQHandler))
<BR>[Address Reference Count : 1]<UL><LI> startup_skeaz1284.o(RESET)
</UL>
<P><STRONG><a name="[27]"></a>Start</STRONG> (Thumb, 82 bytes, Stack size 4 bytes, system_skeaz1284.o(i.Start))
<BR><BR>[Stack]<UL><LI>Max Depth = 4<LI>Call Chain = Start
</UL>
<BR>[Calls]<UL><LI><a href="#[2f]">&gt;&gt;</a>&nbsp;&nbsp;&nbsp;disable_wdog
</UL>
<BR>[Address Reference Count : 1]<UL><LI> startup_skeaz1284.o(.text)
</UL>
<P><STRONG><a name="[40]"></a>__scatterload_copy</STRONG> (Thumb, 14 bytes, Stack size unknown bytes, handlers.o(i.__scatterload_copy), UNUSED)

<P><STRONG><a name="[41]"></a>__scatterload_null</STRONG> (Thumb, 2 bytes, Stack size unknown bytes, handlers.o(i.__scatterload_null), UNUSED)

<P><STRONG><a name="[42]"></a>__scatterload_zeroinit</STRONG> (Thumb, 14 bytes, Stack size unknown bytes, handlers.o(i.__scatterload_zeroinit), UNUSED)

<P><STRONG><a name="[2f]"></a>disable_wdog</STRONG> (Thumb, 16 bytes, Stack size 0 bytes, system_skeaz1284.o(i.disable_wdog))
<BR><BR>[Called By]<UL><LI><a href="#[27]">&gt;&gt;</a>&nbsp;&nbsp;&nbsp;Start
</UL>

<P><STRONG><a name="[2d]"></a>gpio_get</STRONG> (Thumb, 40 bytes, Stack size 12 bytes, kea128_gpio.o(i.gpio_get))
<BR><BR>[Stack]<UL><LI>Max Depth = 12<LI>Call Chain = gpio_get
</UL>
<BR>[Called By]<UL><LI><a href="#[1f]">&gt;&gt;</a>&nbsp;&nbsp;&nbsp;KBI1_IRQHandler
<LI><a href="#[1e]">&gt;&gt;</a>&nbsp;&nbsp;&nbsp;KBI0_IRQHandler
</UL>

<P><STRONG><a name="[2e]"></a>gpio_turn</STRONG> (Thumb, 48 bytes, Stack size 12 bytes, kea128_gpio.o(i.gpio_turn))
<BR><BR>[Stack]<UL><LI>Max Depth = 12<LI>Call Chain = gpio_turn
</UL>
<BR>[Called By]<UL><LI><a href="#[1f]">&gt;&gt;</a>&nbsp;&nbsp;&nbsp;KBI1_IRQHandler
</UL>

<P><STRONG><a name="[26]"></a>main</STRONG> (Thumb, 8 bytes, Stack size 0 bytes, main.o(i.main))
<BR><BR>[Stack]<UL><LI>Max Depth = 68<LI>Call Chain = main &rArr; get_clk &rArr; uart_init &rArr; __aeabi_uidivmod
</UL>
<BR>[Calls]<UL><LI><a href="#[30]">&gt;&gt;</a>&nbsp;&nbsp;&nbsp;get_clk
</UL>
<BR>[Address Reference Count : 1]<UL><LI> entry9a.o(.ARM.Collect$$$$0000000B)
</UL>
<P><STRONG><a name="[30]"></a>get_clk</STRONG> (Thumb, 170 bytes, Stack size 32 bytes, common.o(i.get_clk))
<BR><BR>[Stack]<UL><LI>Max Depth = 68<LI>Call Chain = get_clk &rArr; uart_init &rArr; __aeabi_uidivmod
</UL>
<BR>[Calls]<UL><LI><a href="#[33]">&gt;&gt;</a>&nbsp;&nbsp;&nbsp;uart_init
<LI><a href="#[31]">&gt;&gt;</a>&nbsp;&nbsp;&nbsp;__aeabi_memcpy4
<LI><a href="#[32]">&gt;&gt;</a>&nbsp;&nbsp;&nbsp;__aeabi_uidivmod
</UL>
<BR>[Called By]<UL><LI><a href="#[26]">&gt;&gt;</a>&nbsp;&nbsp;&nbsp;main
</UL>

<P><STRONG><a name="[33]"></a>uart_init</STRONG> (Thumb, 170 bytes, Stack size 24 bytes, kea128_uart.o(i.uart_init))
<BR><BR>[Stack]<UL><LI>Max Depth = 36<LI>Call Chain = uart_init &rArr; __aeabi_uidivmod
</UL>
<BR>[Calls]<UL><LI><a href="#[34]">&gt;&gt;</a>&nbsp;&nbsp;&nbsp;uart_mux
<LI><a href="#[32]">&gt;&gt;</a>&nbsp;&nbsp;&nbsp;__aeabi_uidivmod
</UL>
<BR>[Called By]<UL><LI><a href="#[30]">&gt;&gt;</a>&nbsp;&nbsp;&nbsp;get_clk
</UL>

<P><STRONG><a name="[34]"></a>uart_mux</STRONG> (Thumb, 106 bytes, Stack size 0 bytes, kea128_uart.o(i.uart_mux))
<BR><BR>[Called By]<UL><LI><a href="#[33]">&gt;&gt;</a>&nbsp;&nbsp;&nbsp;uart_init
</UL>
<P>
<H3>
Local Symbols
</H3><P>
<H3>
Undefined Global Symbols
</H3><HR></body></html>
