###############################################################################
#
# IAR ELF Linker V7.70.1.11437/W32 for ARM                18/Jul/2018  00:04:04
# Copyright 2007-2016 IAR Systems AB.
#
#    Output file  =  
#        C:\Users\control\Desktop\smartcar_final\SmartCar_NewVision_max\Projecct\IAR\program\Debug\Exe\KEA128.out
#    Map file     =  
#        C:\Users\control\Desktop\smartcar_final\SmartCar_NewVision_max\Projecct\IAR\program\Debug\List\KEA128.map
#    Command line =  
#        C:\Users\control\Desktop\smartcar_final\SmartCar_NewVision_max\Projecct\IAR\program\Debug\Obj\common.o
#        C:\Users\control\Desktop\smartcar_final\SmartCar_NewVision_max\Projecct\IAR\program\Debug\Obj\Driver.o
#        C:\Users\control\Desktop\smartcar_final\SmartCar_NewVision_max\Projecct\IAR\program\Debug\Obj\font.o
#        C:\Users\control\Desktop\smartcar_final\SmartCar_NewVision_max\Projecct\IAR\program\Debug\Obj\isr.o
#        C:\Users\control\Desktop\smartcar_final\SmartCar_NewVision_max\Projecct\IAR\program\Debug\Obj\KEA128_adc.o
#        C:\Users\control\Desktop\smartcar_final\SmartCar_NewVision_max\Projecct\IAR\program\Debug\Obj\KEA128_flash.o
#        C:\Users\control\Desktop\smartcar_final\SmartCar_NewVision_max\Projecct\IAR\program\Debug\Obj\KEA128_ftm.o
#        C:\Users\control\Desktop\smartcar_final\SmartCar_NewVision_max\Projecct\IAR\program\Debug\Obj\KEA128_gpio.o
#        C:\Users\control\Desktop\smartcar_final\SmartCar_NewVision_max\Projecct\IAR\program\Debug\Obj\KEA128_i2c.o
#        C:\Users\control\Desktop\smartcar_final\SmartCar_NewVision_max\Projecct\IAR\program\Debug\Obj\KEA128_irq.o
#        C:\Users\control\Desktop\smartcar_final\SmartCar_NewVision_max\Projecct\IAR\program\Debug\Obj\KEA128_kbi.o
#        C:\Users\control\Desktop\smartcar_final\SmartCar_NewVision_max\Projecct\IAR\program\Debug\Obj\KEA128_pit.o
#        C:\Users\control\Desktop\smartcar_final\SmartCar_NewVision_max\Projecct\IAR\program\Debug\Obj\KEA128_port.o
#        C:\Users\control\Desktop\smartcar_final\SmartCar_NewVision_max\Projecct\IAR\program\Debug\Obj\KEA128_spi.o
#        C:\Users\control\Desktop\smartcar_final\SmartCar_NewVision_max\Projecct\IAR\program\Debug\Obj\KEA128_systick.o
#        C:\Users\control\Desktop\smartcar_final\SmartCar_NewVision_max\Projecct\IAR\program\Debug\Obj\KEA128_uart.o
#        C:\Users\control\Desktop\smartcar_final\SmartCar_NewVision_max\Projecct\IAR\program\Debug\Obj\main.o
#        C:\Users\control\Desktop\smartcar_final\SmartCar_NewVision_max\Projecct\IAR\program\Debug\Obj\misc.o
#        C:\Users\control\Desktop\smartcar_final\SmartCar_NewVision_max\Projecct\IAR\program\Debug\Obj\Schedule.o
#        C:\Users\control\Desktop\smartcar_final\SmartCar_NewVision_max\Projecct\IAR\program\Debug\Obj\SDS.o
#        C:\Users\control\Desktop\smartcar_final\SmartCar_NewVision_max\Projecct\IAR\program\Debug\Obj\SEEKFREE_IIC.o
#        C:\Users\control\Desktop\smartcar_final\SmartCar_NewVision_max\Projecct\IAR\program\Debug\Obj\SEEKFREE_MPU6050.o
#        C:\Users\control\Desktop\smartcar_final\SmartCar_NewVision_max\Projecct\IAR\program\Debug\Obj\SEEKFREE_NRF24L01.o
#        C:\Users\control\Desktop\smartcar_final\SmartCar_NewVision_max\Projecct\IAR\program\Debug\Obj\SEEKFREE_OLED.o
#        C:\Users\control\Desktop\smartcar_final\SmartCar_NewVision_max\Projecct\IAR\program\Debug\Obj\SensorOperation.o
#        C:\Users\control\Desktop\smartcar_final\SmartCar_NewVision_max\Projecct\IAR\program\Debug\Obj\startup_SKEAZ1284.o
#        C:\Users\control\Desktop\smartcar_final\SmartCar_NewVision_max\Projecct\IAR\program\Debug\Obj\system_SKEAZ1284.o
#        -o
#        C:\Users\control\Desktop\smartcar_final\SmartCar_NewVision_max\Projecct\IAR\program\Debug\Exe\KEA128.out
#        --map
#        C:\Users\control\Desktop\smartcar_final\SmartCar_NewVision_max\Projecct\IAR\program\Debug\List\KEA128.map
#        --config
#        C:\Users\control\Desktop\smartcar_final\SmartCar_NewVision_max\Projecct\IAR\program\KEA128.icf
#        --semihosting --entry __iar_program_start --vfe
#
###############################################################################

*******************************************************************************
*** RUNTIME MODEL ATTRIBUTES
***

CppFlavor       = *
__SystemLibrary = DLib


*******************************************************************************
*** PLACEMENT SUMMARY
***

"A0":  place at 0x00000000 { ro section .intvec };
"P2":  place in [from 0x00000000 to 0x000003ff] |
                [from 0x00000410 to 0x0001ffff] { ro };
"P3":  place in [from 0x1ffff000 to 0x20002fff] { rw, block CSTACK, block HEAP };
initialize by copy { rw };

  Section            Kind        Address    Size  Object
  -------            ----        -------    ----  ------
"A0":                                       0xd0
  .intvec            ro code  0x00000000    0xd0  startup_SKEAZ1284.o [1]
                            - 0x000000d0    0xd0

"P2", part 1 of 2:                          0x14
  .rodata            const    0x000000d0     0x0  zero_init3.o [5]
  .rodata            const    0x000000d0     0x0  copy_init3.o [5]
  Initializer bytes  const    0x000000d0    0x14  <for P3 s0>
                            - 0x000000e4    0x14

"P2", part 2 of 2:                        0x3816
  .text              ro code  0x00000410   0xb40  SensorOperation.o [1]
  .text              ro code  0x00000f50    0xe0  I32DivModFast.o [5]
  .text              ro code  0x00001030    0x34  ABImemset.o [5]
  .text              ro code  0x00001064    0x6c  KEA128_adc.o [1]
  .text              ro code  0x000010d0    0x32  I32ToFlt.o [4]
  .text              ro code  0x00001102    0xb0  FltMul.o [4]
  .text              ro code  0x000011b2    0xaa  FltDiv.o [4]
  .text              ro code  0x0000125c    0x3a  FltToS32.o [4]
  .text              ro code  0x00001296   0x120  FltAddSub.o [4]
  .text              ro code  0x000013b6     0x2  startup_SKEAZ1284.o [1]
  .text              ro code  0x000013b8   0x2a4  KEA128_gpio.o [1]
  .text              ro code  0x0000165c    0x32  FltToDbl.o [4]
  .text              ro code  0x0000168e   0x184  DblMul.o [4]
  .text              ro code  0x00001812   0x1a8  DblAddSub.o [4]
  .text              ro code  0x000019ba    0x62  DblToFlt.o [4]
  .text              ro code  0x00001a1c    0x30  I32ToDbl.o [4]
  .text              ro code  0x00001a4c    0x4e  DblToI32.o [4]
  .text              ro code  0x00001a9a     0x2  startup_SKEAZ1284.o [1]
  .text              ro code  0x00001a9c   0x1a8  KEA128_uart.o [1]
  .text              ro code  0x00001c44   0x440  KEA128_ftm.o [1]
  .text              ro code  0x00002084   0x33c  SEEKFREE_OLED.o [1]
  .text              ro code  0x000023c0     0x2  IntDivZer.o [5]
  .text              ro code  0x000023c2     0x2  startup_SKEAZ1284.o [1]
  .text              ro code  0x000023c4    0x58  KEA128_port.o [1]
  .text              ro code  0x0000241c   0x4bc  Driver.o [1]
  .text              ro code  0x000028d8   0x272  SEEKFREE_IIC.o [1]
  .text              ro code  0x00002b4a     0x2  startup_SKEAZ1284.o [1]
  .text              ro code  0x00002b4c   0x104  SEEKFREE_MPU6050.o [1]
  .text              ro code  0x00002c50   0x13c  KEA128_kbi.o [1]
  .text              ro code  0x00002d8c    0x74  KEA128_pit.o [1]
  .text              ro code  0x00002e00   0x3a8  Schedule.o [1]
  .text              ro code  0x000031a8   0x38c  isr.o [1]
  .rodata            const    0x00003534   0x228  SEEKFREE_OLED.o [1]
  .text              ro code  0x0000375c   0x130  SDS.o [1]
  .text              ro code  0x0000388c    0xcc  common.o [1]
  .text              ro code  0x00003958    0x34  ABImemcpy.o [5]
  .text              ro code  0x0000398c    0x8c  main.o [1]
  .text              ro code  0x00003a18    0x80  system_SKEAZ1284.o [1]
  .text              ro code  0x00003a98    0x3c  zero_init3.o [5]
  .text              ro code  0x00003ad4    0x30  copy_init3.o [5]
  .text              ro code  0x00003b04    0x28  data_init.o [5]
  .iar.init_table    const    0x00003b2c    0x24  - Linker created -
  .text              ro code  0x00003b50    0x1a  cmain.o [5]
  .text              ro code  0x00003b6a     0x4  low_level_init.o [3]
  .text              ro code  0x00003b6e     0x8  exit.o [3]
  .text              ro code  0x00003b76     0x2  startup_SKEAZ1284.o [1]
  .text              ro code  0x00003b78     0xa  cexit.o [5]
  .text              ro code  0x00003b82     0x2  startup_SKEAZ1284.o [1]
  .text              ro code  0x00003b84    0x14  exit.o [6]
  .rodata            const    0x00003b98    0x18  common.o [1]
  .rodata            const    0x00003bb0    0x10  Driver.o [1]
  .text              ro code  0x00003bc0    0x10  startup_SKEAZ1284.o [1]
  .rodata            const    0x00003bd0     0xc  KEA128_ftm.o [1]
  .rodata            const    0x00003bdc     0xc  KEA128_gpio.o [1]
  .text              ro code  0x00003be8     0xc  cstartup_M.o [5]
  .text              ro code  0x00003bf4     0x2  startup_SKEAZ1284.o [1]
  .text              ro code  0x00003bf6     0x2  startup_SKEAZ1284.o [1]
  .text              ro code  0x00003bf8     0x2  startup_SKEAZ1284.o [1]
  .text              ro code  0x00003bfa     0x2  startup_SKEAZ1284.o [1]
  .text              ro code  0x00003bfc     0x2  startup_SKEAZ1284.o [1]
  .text              ro code  0x00003bfe     0x2  startup_SKEAZ1284.o [1]
  .text              ro code  0x00003c00     0x2  startup_SKEAZ1284.o [1]
  .text              ro code  0x00003c02     0x2  startup_SKEAZ1284.o [1]
  .text              ro code  0x00003c04     0x2  startup_SKEAZ1284.o [1]
  .text              ro code  0x00003c06     0x2  startup_SKEAZ1284.o [1]
  .text              ro code  0x00003c08     0x2  startup_SKEAZ1284.o [1]
  .text              ro code  0x00003c0a     0x2  startup_SKEAZ1284.o [1]
  .text              ro code  0x00003c0c     0x2  startup_SKEAZ1284.o [1]
  .text              ro code  0x00003c0e     0x2  startup_SKEAZ1284.o [1]
  .text              ro code  0x00003c10     0x2  startup_SKEAZ1284.o [1]
  .text              ro code  0x00003c12     0x2  startup_SKEAZ1284.o [1]
  .text              ro code  0x00003c14     0x2  startup_SKEAZ1284.o [1]
  .text              ro code  0x00003c16     0x2  startup_SKEAZ1284.o [1]
  .text              ro code  0x00003c18     0x2  startup_SKEAZ1284.o [1]
  .text              ro code  0x00003c1a     0x2  startup_SKEAZ1284.o [1]
  .text              ro code  0x00003c1c     0x2  startup_SKEAZ1284.o [1]
  .text              ro code  0x00003c1e     0x2  startup_SKEAZ1284.o [1]
  .text              ro code  0x00003c20     0x2  startup_SKEAZ1284.o [1]
  .text              ro code  0x00003c22     0x2  startup_SKEAZ1284.o [1]
  .text              ro code  0x00003c24     0x2  startup_SKEAZ1284.o [1]
                            - 0x00003c26  0x3816

"P3", part 1 of 3:                          0x14
  P3 s0                       0x1ffff000    0x14  <Init block>
    .data            inited   0x1ffff000     0xc  KEA128_uart.o [1]
    .data            inited   0x1ffff00c     0x8  KEA128_kbi.o [1]
                            - 0x1ffff014    0x14

"P3", part 2 of 3:                         0x1a4
  .bss               zero     0x1ffff014   0x124  main.o [1]
  .bss               zero     0x1ffff138    0x20  main.o [1]
  .bss               zero     0x1ffff158    0x10  main.o [1]
  .bss               zero     0x1ffff168    0x10  SDS.o [1]
  .bss               zero     0x1ffff178     0x8  KEA128_ftm.o [1]
  .bss               zero     0x1ffff180     0x8  SensorOperation.o [1]
  .bss               zero     0x1ffff188     0x4  common.o [1]
  .bss               zero     0x1ffff18c     0x4  common.o [1]
  .bss               zero     0x1ffff190     0x4  common.o [1]
  .bss               zero     0x1ffff194     0x4  common.o [1]
  .bss               zero     0x1ffff198     0x4  SensorOperation.o [1]
  .bss               zero     0x1ffff19c     0x4  SensorOperation.o [1]
  .bss               zero     0x1ffff1a0     0x4  SensorOperation.o [1]
  .bss               zero     0x1ffff1a4     0x2  SEEKFREE_MPU6050.o [1]
  .bss               zero     0x1ffff1a6     0x2  SEEKFREE_MPU6050.o [1]
  .bss               zero     0x1ffff1a8     0x2  SEEKFREE_MPU6050.o [1]
  .bss               zero     0x1ffff1aa     0x2  SEEKFREE_MPU6050.o [1]
  .bss               zero     0x1ffff1ac     0x2  SEEKFREE_MPU6050.o [1]
  .bss               zero     0x1ffff1ae     0x2  SEEKFREE_MPU6050.o [1]
  .bss               zero     0x1ffff1b0     0x2  SensorOperation.o [1]
  .bss               zero     0x1ffff1b2     0x2  SensorOperation.o [1]
  .bss               zero     0x1ffff1b4     0x1  Schedule.o [1]
  .bss               zero     0x1ffff1b5     0x1  SensorOperation.o [1]
  .bss               zero     0x1ffff1b6     0x1  SensorOperation.o [1]
  .bss               zero     0x1ffff1b7     0x1  SensorOperation.o [1]
                            - 0x1ffff1b8   0x1a4

"P3", part 3 of 3:                         0x100
  CSTACK                      0x1ffff1b8   0x100  <Block>
    CSTACK           uninit   0x1ffff1b8   0x100  <Block tail>
                            - 0x1ffff2b8   0x100


*******************************************************************************
*** INIT TABLE
***

          Address     Size
          -------     ----
Zero (__iar_zero_init3)
    1 destination range, total size 0x1a4:
          0x1ffff014  0x1a4

Copy (__iar_copy_init3)
    1 source range, total size 0x14:
          0x000000d0   0x14
    1 destination range, total size 0x14:
          0x1ffff000   0x14



*******************************************************************************
*** MODULE SUMMARY
***

    Module               ro code  ro data  rw data
    ------               -------  -------  -------
C:\Users\control\Desktop\smartcar_final\SmartCar_NewVision_max\Projecct\IAR\program\Debug\Obj: [1]
    Driver.o               1 212       16
    KEA128_adc.o             108
    KEA128_ftm.o           1 088       12        8
    KEA128_gpio.o            676       12
    KEA128_kbi.o             316        8        8
    KEA128_pit.o             116
    KEA128_port.o             88
    KEA128_uart.o            424       12       12
    SDS.o                    304                16
    SEEKFREE_IIC.o           626
    SEEKFREE_MPU6050.o       260                12
    SEEKFREE_OLED.o          828      552
    Schedule.o               936                 1
    SensorOperation.o      2 880                27
    common.o                 204       24       16
    isr.o                    908
    main.o                   140               340
    startup_SKEAZ1284.o      286
    system_SKEAZ1284.o       128
    ----------------------------------------------
    Total:                11 528      636      440

command line: [2]
    ----------------------------------------------
    Total:

dl6M_tlf.a: [3]
    exit.o                     8
    low_level_init.o           4
    ----------------------------------------------
    Total:                    12

m6M_tl.a: [4]
    DblAddSub.o              424
    DblMul.o                 388
    DblToFlt.o                98
    DblToI32.o                78
    FltAddSub.o              288
    FltDiv.o                 170
    FltMul.o                 176
    FltToDbl.o                50
    FltToS32.o                58
    I32ToDbl.o                48
    I32ToFlt.o                50
    ----------------------------------------------
    Total:                 1 828

rt6M_tl.a: [5]
    ABImemcpy.o               52
    ABImemset.o               52
    I32DivModFast.o          224
    IntDivZer.o                2
    cexit.o                   10
    cmain.o                   26
    copy_init3.o              48
    cstartup_M.o              12
    data_init.o               40
    zero_init3.o              60
    ----------------------------------------------
    Total:                   526

shb_l.a: [6]
    exit.o                    20
    ----------------------------------------------
    Total:                    20

    Linker created                     36      256
--------------------------------------------------
    Grand Total:          13 914      672      696


*******************************************************************************
*** ENTRY LIST
***

Entry                      Address   Size  Type      Object
-----                      -------   ----  ----      ------
.iar.init_table$$Base   0x00003b2c          --   Gb  - Linker created -
.iar.init_table$$Limit  0x00003b50          --   Gb  - Linker created -
?main                   0x00003b51         Code  Gb  cmain.o [5]
AngleCtrl               0x00002f59   0x5c  Code  Gb  Schedule.o [1]
CRC_CHECK               0x0000375d   0x48  Code  Gb  SDS.o [1]
CSTACK$$Base            0x1ffff1b8          --   Gb  - Linker created -
CSTACK$$Limit           0x1ffff2b8          --   Gb  - Linker created -
ComplementaryFusionFilter
                        0x000009a5  0x11c  Code  Gb  SensorOperation.o [1]
ComplementaryFusionFilter::gyro_y_last
                        0x1ffff198    0x4  Data  Lc  SensorOperation.o [1]
DirectionOutputSmooth   0x00000cc5   0x64  Code  Gb  SensorOperation.o [1]
DirectionOutputSmooth::cnt
                        0x1ffff1b7    0x1  Data  Lc  SensorOperation.o [1]
DirectionOutputSmooth::dValue
                        0x1ffff1a0    0x4  Data  Lc  SensorOperation.o [1]
F6x8                    0x00003534  0x228  Data  Gb  SEEKFREE_OLED.o [1]
FTMX                    0x00003bd0    0xc  Data  Lc  KEA128_ftm.o [1]
Flag                    0x1ffff138   0x20  Data  Gb  main.o [1]
GPIOX                   0x00003bdc    0xc  Data  Lc  KEA128_gpio.o [1]
GetOffset               0x00000475  0x500  Code  Gb  SensorOperation.o [1]
GetOffset::subtotal     0x1ffff180    0x8  Data  Lc  SensorOperation.o [1]
GetSpeed                0x00000b8d   0xb2  Code  Gb  SensorOperation.o [1]
GetSpeed::speedLast     0x1ffff1b0    0x2  Data  Lc  SensorOperation.o [1]
Get_AccData             0x00002b97   0x50  Code  Gb  SEEKFREE_MPU6050.o [1]
Get_Gyro                0x00002be7   0x50  Code  Gb  SEEKFREE_MPU6050.o [1]
I2C_SendACK             0x00002945   0x42  Code  Gb  SEEKFREE_IIC.o [1]
IIC_init                0x00002b2d   0x1e  Code  Gb  SEEKFREE_IIC.o [1]
IIC_start               0x000028e9   0x2c  Code  Gb  SEEKFREE_IIC.o [1]
IIC_stop                0x00002915   0x30  Code  Gb  SEEKFREE_IIC.o [1]
IRQ_IRQHandler          0x000031b7    0xe  Code  Gb  isr.o [1]
Info                    0x1ffff014  0x124  Data  Gb  main.o [1]
InitMPU6050             0x00002b4d   0x4a  Code  Gb  SEEKFREE_MPU6050.o [1]
KBI0_IRQHandler         0x000031c5  0x2b8  Code  Gb  isr.o [1]
KBI1_IRQHandler         0x00003499   0x80  Code  Gb  isr.o [1]
NVIC_EnableIRQ          0x0000241d    0xe  Code  Lc  Driver.o [1]
NVIC_SetPriority        0x0000242b   0x84  Code  Lc  Driver.o [1]
OLED_DLY_ms             0x0000211d   0x1e  Code  Gb  SEEKFREE_OLED.o [1]
OLED_Fill               0x0000216b   0x40  Code  Gb  SEEKFREE_OLED.o [1]
OLED_HEXACSII           0x00002315   0x3c  Code  Gb  SEEKFREE_OLED.o [1]
OLED_Init               0x000021ab  0x100  Code  Gb  SEEKFREE_OLED.o [1]
OLED_P6x8Str            0x000022ab   0x6a  Code  Gb  SEEKFREE_OLED.o [1]
OLED_Print_Num1         0x00002351   0x62  Code  Gb  SEEKFREE_OLED.o [1]
OLED_Set_Pos            0x0000213b   0x30  Code  Gb  SEEKFREE_OLED.o [1]
OLED_WrCmd              0x000020d1   0x4c  Code  Gb  SEEKFREE_OLED.o [1]
OLED_WrDat              0x00002085   0x4c  Code  Gb  SEEKFREE_OLED.o [1]
PIT_CH0_IRQHandler      0x00002e01  0x150  Code  Gb  Schedule.o [1]
PIT_CH1_IRQHandler      0x000031a9    0xe  Code  Gb  isr.o [1]
Parameter               0x1ffff158   0x10  Data  Gb  main.o [1]
ParameterSetting        0x00002771   0x48  Code  Gb  Driver.o [1]
RecvData                0x00000ac1   0xca  Code  Gb  SensorOperation.o [1]
RecvData::buff          0x1ffff1b5    0x1  Data  Lc  SensorOperation.o [1]
Region$$Table$$Base     0x00003b2c          --   Gb  - Linker created -
Region$$Table$$Limit    0x00003b50          --   Gb  - Linker created -
SCCB_WaitAck            0x00002987   0x58  Code  Lc  SEEKFREE_IIC.o [1]
SDS_OutData             0x1ffff168   0x10  Data  Gb  SDS.o [1]
SDS_OutPut_Data         0x000037a5   0xdc  Code  Gb  SDS.o [1]
ShowMenu                0x00000d61  0x18e  Code  Gb  SensorOperation.o [1]
ShowMenu::i             0x1ffff1b2    0x2  Data  Lc  SensorOperation.o [1]
SlidingFilter           0x00000411   0x62  Code  Gb  SensorOperation.o [1]
SpeedCtrl               0x00002fbd  0x126  Code  Gb  Schedule.o [1]
SpeedCtrl::i            0x1ffff1b4    0x1  Data  Lc  Schedule.o [1]
SpeedOutputSmooth       0x00000c51   0x5a  Code  Gb  SensorOperation.o [1]
SpeedOutputSmooth::cnt  0x1ffff1b6    0x1  Data  Lc  SensorOperation.o [1]
SpeedOutputSmooth::dValue
                        0x1ffff19c    0x4  Data  Lc  SensorOperation.o [1]
Start                   0x00003a2d   0x42  Code  Gb  system_SKEAZ1284.o [1]
SystemInit              0x000024af  0x2bc  Code  Gb  Driver.o [1]
TurnCtrl                0x000030ed   0x8e  Code  Gb  Schedule.o [1]
UART0_IRQHandler        0x00002f51    0x8  Code  Gb  Schedule.o [1]
UpdataDuty              0x000027cd   0xcc  Code  Gb  Driver.o [1]
__Vectors               0x00000000          --   Gb  startup_SKEAZ1284.o [1]
__Vectors_End           0x000000c0         Data  Gb  startup_SKEAZ1284.o [1]
__Vectors_Size {Abs}    0x000000c0          --   Gb  startup_SKEAZ1284.o [1]
__aeabi_d2f             0x000019bb         Code  Gb  DblToFlt.o [4]
__aeabi_d2iz            0x00001a4d         Code  Gb  DblToI32.o [4]
__aeabi_dadd            0x00001813         Code  Gb  DblAddSub.o [4]
__aeabi_dmul            0x0000168f         Code  Gb  DblMul.o [4]
__aeabi_f2d             0x0000165d         Code  Gb  FltToDbl.o [4]
__aeabi_f2iz            0x0000125d         Code  Gb  FltToS32.o [4]
__aeabi_fadd            0x00001297         Code  Gb  FltAddSub.o [4]
__aeabi_fdiv            0x000011b3         Code  Gb  FltDiv.o [4]
__aeabi_fmul            0x00001103         Code  Gb  FltMul.o [4]
__aeabi_fsub            0x00001307         Code  Gb  FltAddSub.o [4]
__aeabi_i2d             0x00001a1d         Code  Gb  I32ToDbl.o [4]
__aeabi_i2f             0x000010d1         Code  Gb  I32ToFlt.o [4]
__aeabi_idiv            0x00000f7d         Code  Gb  I32DivModFast.o [5]
__aeabi_idiv0           0x000023c1         Code  Gb  IntDivZer.o [5]
__aeabi_idivmod         0x00000f7d         Code  Gb  I32DivModFast.o [5]
__aeabi_memclr4         0x00001061         Code  Gb  ABImemset.o [5]
__aeabi_memclr8         0x00001061         Code  Gb  ABImemset.o [5]
__aeabi_memcpy4         0x00003959         Code  Wk  ABImemcpy.o [5]
__aeabi_uidiv           0x00000f83         Code  Gb  I32DivModFast.o [5]
__aeabi_uidivmod        0x00000f83         Code  Gb  I32DivModFast.o [5]
__cmain                 0x00003b51         Code  Gb  cmain.o [5]
__exit                  0x00003b85   0x14  Code  Gb  exit.o [6]
__iar_Memset4_word      0x00001031         Code  Gb  ABImemset.o [5]
__iar_copy_init3        0x00003ad5   0x30  Code  Gb  copy_init3.o [5]
__iar_d2uiz             0x00001a71         Code  Gb  DblToI32.o [4]
__iar_data_init3        0x00003b05   0x28  Code  Gb  data_init.o [5]
__iar_program_start     0x00003be9         Code  Gb  cstartup_M.o [5]
__iar_ui2d              0x00001a31         Code  Gb  I32ToDbl.o [4]
__iar_ui2f              0x000010e9         Code  Gb  I32ToFlt.o [4]
__iar_zero_init3        0x00003a99   0x3c  Code  Gb  zero_init3.o [5]
__low_level_init        0x00003b6b    0x4  Code  Gb  low_level_init.o [3]
__vector_table          0x00000000         Data  Gb  startup_SKEAZ1284.o [1]
_call_main              0x00003b5d         Code  Gb  cmain.o [5]
_exit                   0x00003b79         Code  Gb  cexit.o [5]
_main                   0x00003b67         Code  Gb  cmain.o [5]
adc_init                0x00001065   0x24  Code  Gb  KEA128_adc.o [1]
adc_once                0x00001089   0x30  Code  Gb  KEA128_adc.o [1]
bus_clk_khz             0x1ffff194    0x4  Data  Gb  common.o [1]
core_clk_khz            0x1ffff190    0x4  Data  Gb  common.o [1]
disable_wdog            0x00003a19   0x14  Code  Gb  system_SKEAZ1284.o [1]
exit                    0x00003b6f    0x8  Code  Gb  exit.o [3]
ftm_clk_khz             0x1ffff18c    0x4  Data  Gb  common.o [1]
ftm_count_clean         0x00002055   0x10  Code  Gb  KEA128_ftm.o [1]
ftm_count_get           0x00002045   0x10  Code  Gb  KEA128_ftm.o [1]
ftm_count_init          0x00001ff5   0x50  Code  Gb  KEA128_ftm.o [1]
ftm_count_mux           0x00001f51   0x9c  Code  Gb  KEA128_ftm.o [1]
ftm_pwm_duty            0x00001ebf   0x78  Code  Gb  KEA128_ftm.o [1]
ftm_pwm_init            0x00001d6b  0x154  Code  Gb  KEA128_ftm.o [1]
ftm_pwm_mux             0x00001c45  0x126  Code  Gb  KEA128_ftm.o [1]
get_clk                 0x0000388d   0xcc  Code  Gb  common.o [1]
gpio_ddr                0x000014c3   0xc8  Code  Gb  KEA128_gpio.o [1]
gpio_get                0x0000158b   0x36  Code  Gb  KEA128_gpio.o [1]
gpio_init               0x000013b9  0x10a  Code  Gb  KEA128_gpio.o [1]
gpio_set                0x000015c1   0x56  Code  Gb  KEA128_gpio.o [1]
gpio_turn               0x00001617   0x42  Code  Gb  KEA128_gpio.o [1]
ics_clk_khz             0x1ffff188    0x4  Data  Gb  common.o [1]
kbi                     0x1ffff00c    0x8  Data  Gb  KEA128_kbi.o [1]
kbi_init                0x00002c51  0x13c  Code  Gb  KEA128_kbi.o [1]
main                    0x0000398d   0x8c  Code  Gb  main.o [1]
mpu_acc_x               0x1ffff1aa    0x2  Data  Gb  SEEKFREE_MPU6050.o [1]
mpu_acc_y               0x1ffff1ac    0x2  Data  Gb  SEEKFREE_MPU6050.o [1]
mpu_acc_z               0x1ffff1ae    0x2  Data  Gb  SEEKFREE_MPU6050.o [1]
mpu_gyro_x              0x1ffff1a4    0x2  Data  Gb  SEEKFREE_MPU6050.o [1]
mpu_gyro_y              0x1ffff1a6    0x2  Data  Gb  SEEKFREE_MPU6050.o [1]
mpu_gyro_z              0x1ffff1a8    0x2  Data  Gb  SEEKFREE_MPU6050.o [1]
period                  0x1ffff178    0x8  Data  Gb  KEA128_ftm.o [1]
pit_init                0x00002d8d   0x68  Code  Gb  KEA128_pit.o [1]
port_pull               0x000023c5   0x58  Code  Gb  KEA128_port.o [1]
read_ch                 0x00002a27   0x7e  Code  Gb  SEEKFREE_IIC.o [1]
send_ch                 0x000029df   0x48  Code  Gb  SEEKFREE_IIC.o [1]
simiic_delay            0x000028d9   0x10  Code  Gb  SEEKFREE_IIC.o [1]
simiic_read_regs        0x00002acf   0x5e  Code  Gb  SEEKFREE_IIC.o [1]
simiic_write_reg        0x00002aa5   0x2a  Code  Gb  SEEKFREE_IIC.o [1]
uart                    0x1ffff000    0xc  Data  Gb  KEA128_uart.o [1]
uart_getchar            0x00001c0b   0x22  Code  Gb  KEA128_uart.o [1]
uart_init               0x00001b05   0xe6  Code  Gb  KEA128_uart.o [1]
uart_mux                0x00001a9d   0x68  Code  Gb  KEA128_uart.o [1]
uart_putchar            0x00001beb   0x20  Code  Gb  KEA128_uart.o [1]


[1] = C:\Users\control\Desktop\smartcar_final\SmartCar_NewVision_max\Projecct\IAR\program\Debug\Obj
[2] = command line
[3] = dl6M_tlf.a
[4] = m6M_tl.a
[5] = rt6M_tl.a
[6] = shb_l.a

  13 914 bytes of readonly  code memory
     672 bytes of readonly  data memory
     696 bytes of readwrite data memory

Errors: none
Warnings: none
